[
  0 => [
    0 => 'arr',
  ],
  1 => 
  (object) array(
  ],
]